123
Git new file4.
Creating a new branch is quick & simple.
